17:14:52 **** Incremental Build of configuration Debug for project dma_fifo_loopback ****
make all 
make: No se hace nada para 'all'.
17:14:56 **** Incremental Build of configuration Debug for project dma_fifo_loopback ****
make all 
make: No se hace nada para 'all'.
17:15:05 **** Incremental Build of configuration Debug for project dma_fifo_loopback ****
make all 
make: No se hace nada para 'all'.
15:02:02 **** Auto Build of configuration Debug for project dma_fifo_loopback ****
make all 
Building file: ../src/dma_test.c
Invoking: ARM gcc compiler
arm-xilinx-eabi-gcc -Wall -O0 -g3 -c -fmessage-length=0 -MT"src/dma_test.o" -I../../dma_fifo_loopback_bsp/ps7_cortexa9_0/include -MMD -MP -MF"src/dma_test.d" -MT"src/dma_test.d" -o "src/dma_test.o" "../src/dma_test.c"
Finished building: ../src/dma_test.c
 
Building target: dma_fifo_loopback.elf
Invoking: ARM gcc linker
arm-xilinx-eabi-gcc -Wl,-T -Wl,../src/lscript.ld -L../../dma_fifo_loopback_bsp/ps7_cortexa9_0/lib -o "dma_fifo_loopback.elf"  ./src/dma_test.o   -Wl,--start-group,-lxil,-lgcc,-lc,--end-group
Finished building target: dma_fifo_loopback.elf
 
Invoking: ARM Print Size
arm-xilinx-eabi-size dma_fifo_loopback.elf  |tee "dma_fifo_loopback.elf.size"
   text	   data	    bss	    dec	    hex	filename
  39436	   1992	   9924	  51352	   c898	dma_fifo_loopback.elf
Finished building: dma_fifo_loopback.elf.size
 
15:02:06 **** Incremental Build of configuration Debug for project dma_fifo_loopback ****
make all 
make: No se hace nada para 'all'.
15:03:26 **** Auto Build of configuration Debug for project dma_fifo_loopback ****
make all 
Building file: ../src/dma_test.c
Invoking: ARM gcc compiler
arm-xilinx-eabi-gcc -Wall -O0 -g3 -c -fmessage-length=0 -MT"src/dma_test.o" -I../../dma_fifo_loopback_bsp/ps7_cortexa9_0/include -MMD -MP -MF"src/dma_test.d" -MT"src/dma_test.d" -o "src/dma_test.o" "../src/dma_test.c"
Finished building: ../src/dma_test.c
 
Building target: dma_fifo_loopback.elf
Invoking: ARM gcc linker
arm-xilinx-eabi-gcc -Wl,-T -Wl,../src/lscript.ld -L../../dma_fifo_loopback_bsp/ps7_cortexa9_0/lib -o "dma_fifo_loopback.elf"  ./src/dma_test.o   -Wl,--start-group,-lxil,-lgcc,-lc,--end-group
Finished building target: dma_fifo_loopback.elf
 
Invoking: ARM Print Size
arm-xilinx-eabi-size dma_fifo_loopback.elf  |tee "dma_fifo_loopback.elf.size"
   text	   data	    bss	    dec	    hex	filename
  39436	   1992	   9924	  51352	   c898	dma_fifo_loopback.elf
Finished building: dma_fifo_loopback.elf.size
 
